#-----------------------------------------------------------
# Vivado v2025.1 (64-bit)
# SW Build 6140274 on Thu May 22 00:12:29 MDT 2025
# IP Build 6138677 on Thu May 22 03:10:11 MDT 2025
# SharedData Build 6139179 on Tue May 20 17:58:58 MDT 2025
# Start of session at: Thu Jul 24 17:28:23 2025
# Process ID         : 19052
# Current directory  : D:/AMD/AM2910/am2910/am2910.runs/synth_1
# Command line       : vivado.exe -log am2910.vds -product Vivado -mode batch -messageDb vivado.pb -notrace -source am2910.tcl
# Log file           : D:/AMD/AM2910/am2910/am2910.runs/synth_1/am2910.vds
# Journal file       : D:/AMD/AM2910/am2910/am2910.runs/synth_1\vivado.jou
# Running On         : ayvictus
# Platform           : Windows Server 2016 or Windows 10
# Operating System   : 26100
# Processor Detail   : AMD Ryzen 5 7640HS w/ Radeon 760M Graphics     
# CPU Frequency      : 4292 MHz
# CPU Physical cores : 6
# CPU Logical cores  : 12
# Host memory        : 33595 MB
# Swap memory        : 2147 MB
# Total Virtual      : 35742 MB
# Available Virtual  : 20172 MB
#-----------------------------------------------------------
source am2910.tcl -notrace
